error: /Users/magnus/c+/tests/out-of-class-methods/basic/input/thermo.cp:3:1: out-of-class method definition has no matching class: Thermometer
error: /Users/magnus/c+/tests/out-of-class-methods/basic/input/thermo.cp:7:1: out-of-class method definition has no matching class: Thermometer
error: /Users/magnus/c+/tests/out-of-class-methods/basic/input/thermo.cp:11:1: out-of-class method definition has no matching class: Thermometer
